###############################################################################
#
# IAR ANSI C/C++ Compiler V8.40.2.214/W32 for ARM         26/May/2021  14:32:47
# Copyright 1999-2019 IAR Systems AB.
#
#    Cpu mode     =  
#    Endian       =  little
#    Source file  =
#        C:\Users\297\Desktop\asdfa\Kursovoy-master\AHardware\IrqController\irqcontroller.cpp
#    Command line =
#        -f C:\Users\297\AppData\Local\Temp\EWC90B.tmp
#        (C:\Users\297\Desktop\asdfa\Kursovoy-master\AHardware\IrqController\irqcontroller.cpp
#        -lC C:\Users\297\Desktop\asdfa\Kursovoy-master\Debug\List -lA
#        C:\Users\297\Desktop\asdfa\Kursovoy-master\Debug\List -o
#        C:\Users\297\Desktop\asdfa\Kursovoy-master\Debug\Obj --no_cse
#        --no_unroll --no_inline --no_code_motion --no_tbaa --no_clustering
#        --no_scheduling --debug --endian=little --cpu=Cortex-M4 -e
#        --fpu=VFPv4_sp --dlib_config "C:\Program Files (x86)\IAR
#        Systems\Embedded Workbench 8.3\arm\inc\c\DLib_Config_Normal.h" -I
#        C:\Users\297\Desktop\asdfa\Kursovoy-master\Rtos\ -I
#        C:\Users\297\Desktop\asdfa\Kursovoy-master\Rtos\wrapper\ -I
#        C:\Users\297\Desktop\asdfa\Kursovoy-master\Rtos\wrapper\FreeRtos\ -I
#        C:\Users\297\Desktop\asdfa\Kursovoy-master\Rtos\FreeRtos\ -I
#        C:\Users\297\Desktop\asdfa\Kursovoy-master\Rtos\FreeRtos\include\ -I
#        C:\Users\297\Desktop\asdfa\Kursovoy-master\Rtos\FreeRtos\portable\ -I
#        C:\Users\297\Desktop\asdfa\Kursovoy-master\Rtos\FreeRtos\portable\Common\
#        -I
#        C:\Users\297\Desktop\asdfa\Kursovoy-master\Rtos\FreeRtos\portable\IAR\
#        -I
#        C:\Users\297\Desktop\asdfa\Kursovoy-master\Rtos\FreeRtos\portable\IAR\ARM_CM4F\
#        -I
#        C:\Users\297\Desktop\asdfa\Kursovoy-master\Rtos\FreeRtos\portable\MemMang\
#        -I C:\Users\297\Desktop\asdfa\Kursovoy-master\Common\ -I
#        C:\Users\297\Desktop\asdfa\Kursovoy-master\CMSIS\ -I
#        C:\Users\297\Desktop\asdfa\Kursovoy-master\Application\ -I
#        C:\Users\297\Desktop\asdfa\Kursovoy-master\Application\Diagnostic\ -I
#        C:\Users\297\Desktop\asdfa\Kursovoy-master\AHardware\ -I
#        C:\Users\297\Desktop\asdfa\Kursovoy-master\AHardware\GpioPort\ -I
#        C:\Users\297\Desktop\asdfa\Kursovoy-master\AHardware\IrqController\ -I
#        C:\Users\297\Desktop\asdfa\Kursovoy-master\..\CortexLib-master\AbstractHardware\Pin\
#        -I
#        C:\Users\297\Desktop\asdfa\Kursovoy-master\..\CortexLib-master\AbstractHardware\Registers\STM32F411\FieldValues\
#        -I
#        C:\Users\297\Desktop\asdfa\Kursovoy-master\..\CortexLib-master\AbstractHardware\Registers\STM32F411\
#        -I
#        C:\Users\297\Desktop\asdfa\Kursovoy-master\..\CortexLib-master\AbstractHardware\Registers\
#        -I
#        C:\Users\297\Desktop\asdfa\Kursovoy-master\..\CortexLib-master\AbstractHardware\Port\
#        -I
#        C:\Users\297\Desktop\asdfa\Kursovoy-master\..\CortexLib-master\AbstractHardware\Atomic\
#        -I
#        C:\Users\297\Desktop\asdfa\Kursovoy-master\..\CortexLib-master\Common\
#        -I
#        C:\Users\297\Desktop\asdfa\Kursovoy-master\..\CortexLib-master\Common\Singleton\
#        -I C:\Users\297\Desktop\asdfa\Kursovoy-master\AHardware\Registers\ -I
#        C:\Users\297\Desktop\asdfa\Kursovoy-master\AHardware\Registers\CortexM4\
#        -I
#        C:\Users\297\Desktop\asdfa\Kursovoy-master\AHardware\Registers\CortexM4\FieldValues\
#        -I
#        C:\Users\297\Desktop\asdfa\Kursovoy-master\AHardware\Registers\STM32F411\
#        -I
#        C:\Users\297\Desktop\asdfa\Kursovoy-master\AHardware\Registers\STM32F411\FieldValues\
#        -I C:\Users\297\Desktop\asdfa\Kursovoy-master\AHardware\Timer\ -I
#        C:\Users\297\Desktop\asdfa\Kursovoy-master\ -I
#        C:\Users\297\Desktop\asdfa\Kursovoy-master\AHardware\LedTask\ -I
#        C:\Users\297\Desktop\asdfa\Kursovoy-master\Application\Filter\ -I
#        C:\Users\297\Desktop\asdfa\Kursovoy-master\Application\VariableTask\
#        -I C:\Users\297\Desktop\asdfa\Kursovoy-master\Application\Voltage\ -I
#        C:\Users\297\Desktop\asdfa\Kursovoy-master\Application\Ivariable\ -I
#        C:\Users\297\Desktop\asdfa\Kursovoy-master\AHardware\ADC\ -I
#        C:\Users\297\Desktop\asdfa\Kursovoy-master\AHardware\DMA\ -I
#        C:\Users\297\Desktop\asdfa\Kursovoy-master\AHardware\PWM\ -I
#        C:\Users\297\Desktop\asdfa\Kursovoy-master\AHardware\IrqController\ -I
#        C:\Users\297\Desktop\asdfa\Kursovoy-master\AHardware\USART2\ -I
#        C:\Users\297\Desktop\asdfa\Kursovoy-master\AHardware\Led\ -I
#        C:\Users\297\Desktop\asdfa\Kursovoy-master\AHardware\USART2\ -I
#        C:\Users\297\Desktop\asdfa\Kursovoy-master\AHardware\UsartDriver\ -I
#        C:\Users\297\Desktop\asdfa\Kursovoy-master\Application\BlueToothTask\
#        -Ol --c++ --no_exceptions --no_rtti)
#    Locale       =  C
#    List file    =
#        C:\Users\297\Desktop\asdfa\Kursovoy-master\Debug\List\irqcontroller.lst
#    Object file  =
#        C:\Users\297\Desktop\asdfa\Kursovoy-master\Debug\Obj\irqcontroller.o
#
###############################################################################

C:\Users\297\Desktop\asdfa\Kursovoy-master\AHardware\IrqController\irqcontroller.cpp
      1          //
      2          // Created by Sergey on 27.08.2018.
      3          //
      4          #include "irqcontroller.hpp"
      5          

   \                                 In section .text, align 2, keep-with-next
      6          void IrqController::HandleIrqExtiLine15_10()
      7          {
      8          
      9          }
   \                     _ZN13IrqController22HandleIrqExtiLine15_10Ev: (+1)
   \        0x0   0x4770             BX       LR               ;; return

   Maximum stack usage in bytes:

   .cstack Function
   ------- --------
       0   IrqController::HandleIrqExtiLine15_10()


   Section sizes:

   Bytes  Function/Label
   -----  --------------
       2  IrqController::HandleIrqExtiLine15_10()

 
 2 bytes in section .text
 
 2 bytes of CODE memory

Errors: none
Warnings: none
